bun : 
At line:4 char:1
+ bun run node_modules/next/dist/bin/next build 2>&1 | Out-File -FilePa ...
+ ~~~~~~~~~~~~~~~~~~~~~~~~~~~~~~~~~~~~~~~~~~~~~~~~~~
    + CategoryInfo          : NotSpecified: (:String) [], RemoteException
    + FullyQualifiedErrorId : NativeCommandError
 
> Build error occurred
TypeError: generate is not a function. (In 'generate()', 'generate' is undefined)
    at processTicksAndRejections (unknown:7:39)
